2026-09-15 11:36:42: C:\PROGRAM FILES\NODEJS\NPM.CMD:1
2026-09-15 11:36:42: :: Created by npm, please don't edit manually.
2026-09-15 11:36:42: ^
2026-09-15 11:36:42: 
2026-09-15 11:36:42: SyntaxError: Unexpected token ':'
2026-09-15 11:36:42:     at wrapSafe (node:internal/modules/cjs/loader:1662:18)
2026-09-15 11:36:42:     at Module._compile (node:internal/modules/cjs/loader:1704:20)
2026-09-15 11:36:42:     at Object..js (node:internal/modules/cjs/loader:1895:10)
2026-09-15 11:36:42:     at Module.load (node:internal/modules/cjs/loader:1465:32)
2026-09-15 11:36:42:     at Function._load (node:internal/modules/cjs/loader:1282:12)
2026-09-15 11:36:42:     at TracingChannel.traceSync (node:diagnostics_channel:322:14)
2026-09-15 11:36:42:     at wrapModuleLoad (node:internal/modules/cjs/loader:235:24)
2026-09-15 11:36:42:     at Function.executeUserEntryPoint [as runMain] (node:internal/modules/run_main:171:5)
2026-09-15 11:36:42:     at node:internal/main/run_main_module:36:49
2026-09-15 11:36:42: 
2026-09-15 11:36:42: Node.js v22.17.0
2026-09-15 11:36:42: C:\PROGRAM FILES\NODEJS\NPM.CMD:1
2026-09-15 11:36:42: :: Created by npm, please don't edit manually.
2026-09-15 11:36:42: ^
2026-09-15 11:36:42: 
2026-09-15 11:36:42: SyntaxError: Unexpected token ':'
2026-09-15 11:36:42:     at wrapSafe (node:internal/modules/cjs/loader:1662:18)
2026-09-15 11:36:42:     at Module._compile (node:internal/modules/cjs/loader:1704:20)
2026-09-15 11:36:42:     at Object..js (node:internal/modules/cjs/loader:1895:10)
2026-09-15 11:36:42:     at Module.load (node:internal/modules/cjs/loader:1465:32)
2026-09-15 11:36:42:     at Function._load (node:internal/modules/cjs/loader:1282:12)
2026-09-15 11:36:42:     at TracingChannel.traceSync (node:diagnostics_channel:322:14)
2026-09-15 11:36:42:     at wrapModuleLoad (node:internal/modules/cjs/loader:235:24)
2026-09-15 11:36:42:     at Function.executeUserEntryPoint [as runMain] (node:internal/modules/run_main:171:5)
2026-09-15 11:36:42:     at node:internal/main/run_main_module:36:49
2026-09-15 11:36:42: 
2026-09-15 11:36:42: Node.js v22.17.0
2026-09-15 11:36:42: C:\PROGRAM FILES\NODEJS\NPM.CMD:1
2026-09-15 11:36:42: :: Created by npm, please don't edit manually.
2026-09-15 11:36:42: ^
2026-09-15 11:36:42: 
2026-09-15 11:36:42: SyntaxError: Unexpected token ':'
2026-09-15 11:36:42:     at wrapSafe (node:internal/modules/cjs/loader:1662:18)
2026-09-15 11:36:42:     at Module._compile (node:internal/modules/cjs/loader:1704:20)
2026-09-15 11:36:42:     at Object..js (node:internal/modules/cjs/loader:1895:10)
2026-09-15 11:36:42:     at Module.load (node:internal/modules/cjs/loader:1465:32)
2026-09-15 11:36:42:     at Function._load (node:internal/modules/cjs/loader:1282:12)
2026-09-15 11:36:42:     at TracingChannel.traceSync (node:diagnostics_channel:322:14)
2026-09-15 11:36:42:     at wrapModuleLoad (node:internal/modules/cjs/loader:235:24)
2026-09-15 11:36:42:     at Function.executeUserEntryPoint [as runMain] (node:internal/modules/run_main:171:5)
2026-09-15 11:36:42:     at node:internal/main/run_main_module:36:49
2026-09-15 11:36:42: 
2026-09-15 11:36:42: Node.js v22.17.0
2026-09-15 11:36:42: C:\PROGRAM FILES\NODEJS\NPM.CMD:1
2026-09-15 11:36:42: :: Created by npm, please don't edit manually.
2026-09-15 11:36:42: ^
2026-09-15 11:36:42: 
2026-09-15 11:36:42: SyntaxError: Unexpected token ':'
2026-09-15 11:36:42:     at wrapSafe (node:internal/modules/cjs/loader:1662:18)
2026-09-15 11:36:42:     at Module._compile (node:internal/modules/cjs/loader:1704:20)
2026-09-15 11:36:42:     at Object..js (node:internal/modules/cjs/loader:1895:10)
2026-09-15 11:36:42:     at Module.load (node:internal/modules/cjs/loader:1465:32)
2026-09-15 11:36:42:     at Function._load (node:internal/modules/cjs/loader:1282:12)
2026-09-15 11:36:42:     at TracingChannel.traceSync (node:diagnostics_channel:322:14)
2026-09-15 11:36:42:     at wrapModuleLoad (node:internal/modules/cjs/loader:235:24)
2026-09-15 11:36:42:     at Function.executeUserEntryPoint [as runMain] (node:internal/modules/run_main:171:5)
2026-09-15 11:36:42:     at node:internal/main/run_main_module:36:49
2026-09-15 11:36:42: 
2026-09-15 11:36:42: Node.js v22.17.0
2026-09-15 11:36:42: C:\PROGRAM FILES\NODEJS\NPM.CMD:1
2026-09-15 11:36:42: :: Created by npm, please don't edit manually.
2026-09-15 11:36:42: ^
2026-09-15 11:36:42: 
2026-09-15 11:36:42: SyntaxError: Unexpected token ':'
2026-09-15 11:36:42:     at wrapSafe (node:internal/modules/cjs/loader:1662:18)
2026-09-15 11:36:42:     at Module._compile (node:internal/modules/cjs/loader:1704:20)
2026-09-15 11:36:42:     at Object..js (node:internal/modules/cjs/loader:1895:10)
2026-09-15 11:36:42:     at Module.load (node:internal/modules/cjs/loader:1465:32)
2026-09-15 11:36:42:     at Function._load (node:internal/modules/cjs/loader:1282:12)
2026-09-15 11:36:42:     at TracingChannel.traceSync (node:diagnostics_channel:322:14)
2026-09-15 11:36:42:     at wrapModuleLoad (node:internal/modules/cjs/loader:235:24)
2026-09-15 11:36:42:     at Function.executeUserEntryPoint [as runMain] (node:internal/modules/run_main:171:5)
2026-09-15 11:36:42:     at node:internal/main/run_main_module:36:49
2026-09-15 11:36:42: 
2026-09-15 11:36:42: Node.js v22.17.0
2026-09-15 11:36:42: C:\PROGRAM FILES\NODEJS\NPM.CMD:1
2026-09-15 11:36:42: :: Created by npm, please don't edit manually.
2026-09-15 11:36:42: ^
2026-09-15 11:36:42: 
2026-09-15 11:36:42: SyntaxError: Unexpected token ':'
2026-09-15 11:36:42:     at wrapSafe (node:internal/modules/cjs/loader:1662:18)
2026-09-15 11:36:42:     at Module._compile (node:internal/modules/cjs/loader:1704:20)
2026-09-15 11:36:42:     at Object..js (node:internal/modules/cjs/loader:1895:10)
2026-09-15 11:36:42:     at Module.load (node:internal/modules/cjs/loader:1465:32)
2026-09-15 11:36:42:     at Function._load (node:internal/modules/cjs/loader:1282:12)
2026-09-15 11:36:42:     at TracingChannel.traceSync (node:diagnostics_channel:322:14)
2026-09-15 11:36:42:     at wrapModuleLoad (node:internal/modules/cjs/loader:235:24)
2026-09-15 11:36:42:     at Function.executeUserEntryPoint [as runMain] (node:internal/modules/run_main:171:5)
2026-09-15 11:36:42:     at node:internal/main/run_main_module:36:49
2026-09-15 11:36:42: 
2026-09-15 11:36:42: Node.js v22.17.0
2026-09-15 11:36:42: C:\PROGRAM FILES\NODEJS\NPM.CMD:1
2026-09-15 11:36:42: :: Created by npm, please don't edit manually.
2026-09-15 11:36:42: ^
2026-09-15 11:36:42: 
2026-09-15 11:36:42: SyntaxError: Unexpected token ':'
2026-09-15 11:36:42:     at wrapSafe (node:internal/modules/cjs/loader:1662:18)
2026-09-15 11:36:42:     at Module._compile (node:internal/modules/cjs/loader:1704:20)
2026-09-15 11:36:42:     at Object..js (node:internal/modules/cjs/loader:1895:10)
2026-09-15 11:36:42:     at Module.load (node:internal/modules/cjs/loader:1465:32)
2026-09-15 11:36:42:     at Function._load (node:internal/modules/cjs/loader:1282:12)
2026-09-15 11:36:42:     at TracingChannel.traceSync (node:diagnostics_channel:322:14)
2026-09-15 11:36:42:     at wrapModuleLoad (node:internal/modules/cjs/loader:235:24)
2026-09-15 11:36:42:     at Function.executeUserEntryPoint [as runMain] (node:internal/modules/run_main:171:5)
2026-09-15 11:36:42:     at node:internal/main/run_main_module:36:49
2026-09-15 11:36:42: 
2026-09-15 11:36:42: Node.js v22.17.0
2026-09-15 11:36:42: C:\PROGRAM FILES\NODEJS\NPM.CMD:1
2026-09-15 11:36:42: :: Created by npm, please don't edit manually.
2026-09-15 11:36:42: ^
2026-09-15 11:36:42: 
2026-09-15 11:36:42: SyntaxError: Unexpected token ':'
2026-09-15 11:36:42:     at wrapSafe (node:internal/modules/cjs/loader:1662:18)
2026-09-15 11:36:42:     at Module._compile (node:internal/modules/cjs/loader:1704:20)
2026-09-15 11:36:42:     at Object..js (node:internal/modules/cjs/loader:1895:10)
2026-09-15 11:36:42:     at Module.load (node:internal/modules/cjs/loader:1465:32)
2026-09-15 11:36:42:     at Function._load (node:internal/modules/cjs/loader:1282:12)
2026-09-15 11:36:42:     at TracingChannel.traceSync (node:diagnostics_channel:322:14)
2026-09-15 11:36:42:     at wrapModuleLoad (node:internal/modules/cjs/loader:235:24)
2026-09-15 11:36:42:     at Function.executeUserEntryPoint [as runMain] (node:internal/modules/run_main:171:5)
2026-09-15 11:36:42:     at node:internal/main/run_main_module:36:49
2026-09-15 11:36:42: 
2026-09-15 11:36:42: Node.js v22.17.0
2026-09-15 11:36:42: C:\PROGRAM FILES\NODEJS\NPM.CMD:1
2026-09-15 11:36:42: :: Created by npm, please don't edit manually.
2026-09-15 11:36:42: ^
2026-09-15 11:36:42: 
2026-09-15 11:36:42: SyntaxError: Unexpected token ':'
2026-09-15 11:36:42:     at wrapSafe (node:internal/modules/cjs/loader:1662:18)
2026-09-15 11:36:42:     at Module._compile (node:internal/modules/cjs/loader:1704:20)
2026-09-15 11:36:42:     at Object..js (node:internal/modules/cjs/loader:1895:10)
2026-09-15 11:36:42:     at Module.load (node:internal/modules/cjs/loader:1465:32)
2026-09-15 11:36:42:     at Function._load (node:internal/modules/cjs/loader:1282:12)
2026-09-15 11:36:42:     at TracingChannel.traceSync (node:diagnostics_channel:322:14)
2026-09-15 11:36:42:     at wrapModuleLoad (node:internal/modules/cjs/loader:235:24)
2026-09-15 11:36:42:     at Function.executeUserEntryPoint [as runMain] (node:internal/modules/run_main:171:5)
2026-09-15 11:36:42:     at node:internal/main/run_main_module:36:49
2026-09-15 11:36:42: 
2026-09-15 11:36:42: Node.js v22.17.0
2026-09-15 11:36:42: C:\PROGRAM FILES\NODEJS\NPM.CMD:1
2026-09-15 11:36:42: :: Created by npm, please don't edit manually.
2026-09-15 11:36:42: ^
2026-09-15 11:36:42: 
2026-09-15 11:36:42: SyntaxError: Unexpected token ':'
2026-09-15 11:36:42:     at wrapSafe (node:internal/modules/cjs/loader:1662:18)
2026-09-15 11:36:42:     at Module._compile (node:internal/modules/cjs/loader:1704:20)
2026-09-15 11:36:42:     at Object..js (node:internal/modules/cjs/loader:1895:10)
2026-09-15 11:36:42:     at Module.load (node:internal/modules/cjs/loader:1465:32)
2026-09-15 11:36:42:     at Function._load (node:internal/modules/cjs/loader:1282:12)
2026-09-15 11:36:42:     at TracingChannel.traceSync (node:diagnostics_channel:322:14)
2026-09-15 11:36:42:     at wrapModuleLoad (node:internal/modules/cjs/loader:235:24)
2026-09-15 11:36:42:     at Function.executeUserEntryPoint [as runMain] (node:internal/modules/run_main:171:5)
2026-09-15 11:36:42:     at node:internal/main/run_main_module:36:49
2026-09-15 11:36:42: 
2026-09-15 11:36:42: Node.js v22.17.0
2026-09-15 11:36:42: C:\PROGRAM FILES\NODEJS\NPM.CMD:1
2026-09-15 11:36:42: :: Created by npm, please don't edit manually.
2026-09-15 11:36:42: ^
2026-09-15 11:36:42: 
2026-09-15 11:36:42: SyntaxError: Unexpected token ':'
2026-09-15 11:36:42:     at wrapSafe (node:internal/modules/cjs/loader:1662:18)
2026-09-15 11:36:42:     at Module._compile (node:internal/modules/cjs/loader:1704:20)
2026-09-15 11:36:42:     at Object..js (node:internal/modules/cjs/loader:1895:10)
2026-09-15 11:36:42:     at Module.load (node:internal/modules/cjs/loader:1465:32)
2026-09-15 11:36:42:     at Function._load (node:internal/modules/cjs/loader:1282:12)
2026-09-15 11:36:42:     at TracingChannel.traceSync (node:diagnostics_channel:322:14)
2026-09-15 11:36:42:     at wrapModuleLoad (node:internal/modules/cjs/loader:235:24)
2026-09-15 11:36:42:     at Function.executeUserEntryPoint [as runMain] (node:internal/modules/run_main:171:5)
2026-09-15 11:36:42:     at node:internal/main/run_main_module:36:49
2026-09-15 11:36:42: 
2026-09-15 11:36:42: Node.js v22.17.0
2026-09-15 11:36:42: C:\PROGRAM FILES\NODEJS\NPM.CMD:1
2026-09-15 11:36:42: :: Created by npm, please don't edit manually.
2026-09-15 11:36:42: ^
2026-09-15 11:36:42: 
2026-09-15 11:36:42: SyntaxError: Unexpected token ':'
2026-09-15 11:36:42:     at wrapSafe (node:internal/modules/cjs/loader:1662:18)
2026-09-15 11:36:42:     at Module._compile (node:internal/modules/cjs/loader:1704:20)
2026-09-15 11:36:42:     at Object..js (node:internal/modules/cjs/loader:1895:10)
2026-09-15 11:36:42:     at Module.load (node:internal/modules/cjs/loader:1465:32)
2026-09-15 11:36:42:     at Function._load (node:internal/modules/cjs/loader:1282:12)
2026-09-15 11:36:42:     at TracingChannel.traceSync (node:diagnostics_channel:322:14)
2026-09-15 11:36:42:     at wrapModuleLoad (node:internal/modules/cjs/loader:235:24)
2026-09-15 11:36:42:     at Function.executeUserEntryPoint [as runMain] (node:internal/modules/run_main:171:5)
2026-09-15 11:36:42:     at node:internal/main/run_main_module:36:49
2026-09-15 11:36:42: 
2026-09-15 11:36:42: Node.js v22.17.0
2026-09-15 11:36:42: C:\PROGRAM FILES\NODEJS\NPM.CMD:1
2026-09-15 11:36:42: :: Created by npm, please don't edit manually.
2026-09-15 11:36:42: ^
2026-09-15 11:36:42: 
2026-09-15 11:36:42: SyntaxError: Unexpected token ':'
2026-09-15 11:36:42:     at wrapSafe (node:internal/modules/cjs/loader:1662:18)
2026-09-15 11:36:42:     at Module._compile (node:internal/modules/cjs/loader:1704:20)
2026-09-15 11:36:42:     at Object..js (node:internal/modules/cjs/loader:1895:10)
2026-09-15 11:36:42:     at Module.load (node:internal/modules/cjs/loader:1465:32)
2026-09-15 11:36:42:     at Function._load (node:internal/modules/cjs/loader:1282:12)
2026-09-15 11:36:42:     at TracingChannel.traceSync (node:diagnostics_channel:322:14)
2026-09-15 11:36:42:     at wrapModuleLoad (node:internal/modules/cjs/loader:235:24)
2026-09-15 11:36:42:     at Function.executeUserEntryPoint [as runMain] (node:internal/modules/run_main:171:5)
2026-09-15 11:36:42:     at node:internal/main/run_main_module:36:49
2026-09-15 11:36:42: 
2026-09-15 11:36:42: Node.js v22.17.0
2026-09-15 11:36:42: C:\PROGRAM FILES\NODEJS\NPM.CMD:1
2026-09-15 11:36:42: :: Created by npm, please don't edit manually.
2026-09-15 11:36:42: ^
2026-09-15 11:36:42: 
2026-09-15 11:36:42: SyntaxError: Unexpected token ':'
2026-09-15 11:36:42:     at wrapSafe (node:internal/modules/cjs/loader:1662:18)
2026-09-15 11:36:42:     at Module._compile (node:internal/modules/cjs/loader:1704:20)
2026-09-15 11:36:42:     at Object..js (node:internal/modules/cjs/loader:1895:10)
2026-09-15 11:36:42:     at Module.load (node:internal/modules/cjs/loader:1465:32)
2026-09-15 11:36:42:     at Function._load (node:internal/modules/cjs/loader:1282:12)
2026-09-15 11:36:42:     at TracingChannel.traceSync (node:diagnostics_channel:322:14)
2026-09-15 11:36:42:     at wrapModuleLoad (node:internal/modules/cjs/loader:235:24)
2026-09-15 11:36:42:     at Function.executeUserEntryPoint [as runMain] (node:internal/modules/run_main:171:5)
2026-09-15 11:36:42:     at node:internal/main/run_main_module:36:49
2026-09-15 11:36:42: 
2026-09-15 11:36:42: Node.js v22.17.0
2026-09-15 11:36:42: C:\PROGRAM FILES\NODEJS\NPM.CMD:1
2026-09-15 11:36:42: :: Created by npm, please don't edit manually.
2026-09-15 11:36:42: ^
2026-09-15 11:36:42: 
2026-09-15 11:36:42: SyntaxError: Unexpected token ':'
2026-09-15 11:36:42:     at wrapSafe (node:internal/modules/cjs/loader:1662:18)
2026-09-15 11:36:42:     at Module._compile (node:internal/modules/cjs/loader:1704:20)
2026-09-15 11:36:42:     at Object..js (node:internal/modules/cjs/loader:1895:10)
2026-09-15 11:36:42:     at Module.load (node:internal/modules/cjs/loader:1465:32)
2026-09-15 11:36:42:     at Function._load (node:internal/modules/cjs/loader:1282:12)
2026-09-15 11:36:42:     at TracingChannel.traceSync (node:diagnostics_channel:322:14)
2026-09-15 11:36:42:     at wrapModuleLoad (node:internal/modules/cjs/loader:235:24)
2026-09-15 11:36:42:     at Function.executeUserEntryPoint [as runMain] (node:internal/modules/run_main:171:5)
2026-09-15 11:36:42:     at node:internal/main/run_main_module:36:49
2026-09-15 11:36:42: 
2026-09-15 11:36:42: Node.js v22.17.0
2026-09-15 11:36:42: C:\PROGRAM FILES\NODEJS\NPM.CMD:1
2026-09-15 11:36:42: :: Created by npm, please don't edit manually.
2026-09-15 11:36:42: ^
2026-09-15 11:36:42: 
2026-09-15 11:36:42: SyntaxError: Unexpected token ':'
2026-09-15 11:36:42:     at wrapSafe (node:internal/modules/cjs/loader:1662:18)
2026-09-15 11:36:42:     at Module._compile (node:internal/modules/cjs/loader:1704:20)
2026-09-15 11:36:42:     at Object..js (node:internal/modules/cjs/loader:1895:10)
2026-09-15 11:36:42:     at Module.load (node:internal/modules/cjs/loader:1465:32)
2026-09-15 11:36:42:     at Function._load (node:internal/modules/cjs/loader:1282:12)
2026-09-15 11:36:42:     at TracingChannel.traceSync (node:diagnostics_channel:322:14)
2026-09-15 11:36:42:     at wrapModuleLoad (node:internal/modules/cjs/loader:235:24)
2026-09-15 11:36:42:     at Function.executeUserEntryPoint [as runMain] (node:internal/modules/run_main:171:5)
2026-09-15 11:36:42:     at node:internal/main/run_main_module:36:49
2026-09-15 11:36:42: 
2026-09-15 11:36:42: Node.js v22.17.0
